// Jest Snapshot v1, https://goo.gl/fbAQLP

exports[`getCourses should return courses 1`] = `
[
  Course {
    "_catalogNumber": 136,
    "_catalogNumberSurfix": "L",
    "_components": Map {
      12 => [
        WeeklySection {
          "_campus": 0,
          "_classNumber": 6946,
          "_component": 12,
          "_componentNumber": 1,
          "_courseName": "CS 136",
          "_days": [
            2,
          ],
          "_enrolCap": 59,
          "_enrolTotal": 58,
          "_instructor": "",
          "_locationTaught": 0,
          "_timeslot": Timeslot {
            "_endTime": Time {
              "_hours": 16,
              "_minutes": 20,
            },
            "_startTime": Time {
              "_hours": 14,
              "_minutes": 30,
            },
          },
        },
        WeeklySection {
          "_campus": 0,
          "_classNumber": 6947,
          "_component": 12,
          "_componentNumber": 2,
          "_courseName": "CS 136",
          "_days": [
            4,
          ],
          "_enrolCap": 59,
          "_enrolTotal": 58,
          "_instructor": "",
          "_locationTaught": 0,
          "_timeslot": Timeslot {
            "_endTime": Time {
              "_hours": 16,
              "_minutes": 20,
            },
            "_startTime": Time {
              "_hours": 14,
              "_minutes": 30,
            },
          },
        },
      ],
    },
    "_courseTitle": "Tools & Tech for Software Dev",
    "_instructors": [],
    "_sections": [
      WeeklySection {
        "_campus": 0,
        "_classNumber": 6946,
        "_component": 12,
        "_componentNumber": 1,
        "_courseName": "CS 136",
        "_days": [
          2,
        ],
        "_enrolCap": 59,
        "_enrolTotal": 58,
        "_instructor": "",
        "_locationTaught": 0,
        "_timeslot": Timeslot {
          "_endTime": Time {
            "_hours": 16,
            "_minutes": 20,
          },
          "_startTime": Time {
            "_hours": 14,
            "_minutes": 30,
          },
        },
      },
      WeeklySection {
        "_campus": 0,
        "_classNumber": 6947,
        "_component": 12,
        "_componentNumber": 2,
        "_courseName": "CS 136",
        "_days": [
          4,
        ],
        "_enrolCap": 59,
        "_enrolTotal": 58,
        "_instructor": "",
        "_locationTaught": 0,
        "_timeslot": Timeslot {
          "_endTime": Time {
            "_hours": 16,
            "_minutes": 20,
          },
          "_startTime": Time {
            "_hours": 14,
            "_minutes": 30,
          },
        },
      },
    ],
    "_subject": "CS",
    "_term": 1249,
    "_units": 0.25,
  },
  Course {
    "_catalogNumber": 135,
    "_catalogNumberSurfix": "",
    "_components": Map {
      0 => [
        WeeklySection {
          "_campus": 0,
          "_classNumber": 6344,
          "_component": 0,
          "_componentNumber": 1,
          "_courseName": "CS 135",
          "_days": [
            2,
            4,
          ],
          "_enrolCap": 90,
          "_enrolTotal": 80,
          "_instructor": "",
          "_locationTaught": 0,
          "_timeslot": Timeslot {
            "_endTime": Time {
              "_hours": 9,
              "_minutes": 50,
            },
            "_startTime": Time {
              "_hours": 8,
              "_minutes": 30,
            },
          },
        },
        WeeklySection {
          "_campus": 0,
          "_classNumber": 6371,
          "_component": 0,
          "_componentNumber": 2,
          "_courseName": "CS 135",
          "_days": [
            2,
            4,
          ],
          "_enrolCap": 90,
          "_enrolTotal": 74,
          "_instructor": "",
          "_locationTaught": 0,
          "_timeslot": Timeslot {
            "_endTime": Time {
              "_hours": 11,
              "_minutes": 20,
            },
            "_startTime": Time {
              "_hours": 10,
              "_minutes": 0,
            },
          },
        },
        WeeklySection {
          "_campus": 0,
          "_classNumber": 6336,
          "_component": 0,
          "_componentNumber": 3,
          "_courseName": "CS 135",
          "_days": [
            2,
            4,
          ],
          "_enrolCap": 90,
          "_enrolTotal": 87,
          "_instructor": "",
          "_locationTaught": 0,
          "_timeslot": Timeslot {
            "_endTime": Time {
              "_hours": 12,
              "_minutes": 50,
            },
            "_startTime": Time {
              "_hours": 11,
              "_minutes": 30,
            },
          },
        },
        WeeklySection {
          "_campus": 0,
          "_classNumber": 6337,
          "_component": 0,
          "_componentNumber": 4,
          "_courseName": "CS 135",
          "_days": [
            2,
            4,
          ],
          "_enrolCap": 90,
          "_enrolTotal": 89,
          "_instructor": "",
          "_locationTaught": 0,
          "_timeslot": Timeslot {
            "_endTime": Time {
              "_hours": 14,
              "_minutes": 20,
            },
            "_startTime": Time {
              "_hours": 13,
              "_minutes": 0,
            },
          },
        },
        WeeklySection {
          "_campus": 0,
          "_classNumber": 6345,
          "_component": 0,
          "_componentNumber": 5,
          "_courseName": "CS 135",
          "_days": [
            2,
            4,
          ],
          "_enrolCap": 90,
          "_enrolTotal": 81,
          "_instructor": "",
          "_locationTaught": 0,
          "_timeslot": Timeslot {
            "_endTime": Time {
              "_hours": 11,
              "_minutes": 20,
            },
            "_startTime": Time {
              "_hours": 10,
              "_minutes": 0,
            },
          },
        },
        WeeklySection {
          "_campus": 0,
          "_classNumber": 6346,
          "_component": 0,
          "_componentNumber": 6,
          "_courseName": "CS 135",
          "_days": [
            2,
            4,
          ],
          "_enrolCap": 90,
          "_enrolTotal": 62,
          "_instructor": "",
          "_locationTaught": 0,
          "_timeslot": Timeslot {
            "_endTime": Time {
              "_hours": 12,
              "_minutes": 50,
            },
            "_startTime": Time {
              "_hours": 11,
              "_minutes": 30,
            },
          },
        },
        WeeklySection {
          "_campus": 0,
          "_classNumber": 6372,
          "_component": 0,
          "_componentNumber": 7,
          "_courseName": "CS 135",
          "_days": [
            2,
            4,
          ],
          "_enrolCap": 90,
          "_enrolTotal": 89,
          "_instructor": "",
          "_locationTaught": 0,
          "_timeslot": Timeslot {
            "_endTime": Time {
              "_hours": 14,
              "_minutes": 20,
            },
            "_startTime": Time {
              "_hours": 13,
              "_minutes": 0,
            },
          },
        },
        WeeklySection {
          "_campus": 0,
          "_classNumber": 6379,
          "_component": 0,
          "_componentNumber": 8,
          "_courseName": "CS 135",
          "_days": [
            2,
            4,
          ],
          "_enrolCap": 90,
          "_enrolTotal": 82,
          "_instructor": "",
          "_locationTaught": 0,
          "_timeslot": Timeslot {
            "_endTime": Time {
              "_hours": 15,
              "_minutes": 50,
            },
            "_startTime": Time {
              "_hours": 14,
              "_minutes": 30,
            },
          },
        },
        WeeklySection {
          "_campus": 0,
          "_classNumber": 6380,
          "_component": 0,
          "_componentNumber": 9,
          "_courseName": "CS 135",
          "_days": [
            2,
            4,
          ],
          "_enrolCap": 80,
          "_enrolTotal": 66,
          "_instructor": "",
          "_locationTaught": 0,
          "_timeslot": Timeslot {
            "_endTime": Time {
              "_hours": 11,
              "_minutes": 20,
            },
            "_startTime": Time {
              "_hours": 10,
              "_minutes": 0,
            },
          },
        },
        WeeklySection {
          "_campus": 0,
          "_classNumber": 6800,
          "_component": 0,
          "_componentNumber": 10,
          "_courseName": "CS 135",
          "_days": [
            2,
            4,
          ],
          "_enrolCap": 90,
          "_enrolTotal": 70,
          "_instructor": "",
          "_locationTaught": 0,
          "_timeslot": Timeslot {
            "_endTime": Time {
              "_hours": 12,
              "_minutes": 50,
            },
            "_startTime": Time {
              "_hours": 11,
              "_minutes": 30,
            },
          },
        },
        WeeklySection {
          "_campus": 0,
          "_classNumber": 8639,
          "_component": 0,
          "_componentNumber": 12,
          "_courseName": "CS 135",
          "_days": [
            2,
            4,
          ],
          "_enrolCap": 90,
          "_enrolTotal": 71,
          "_instructor": "",
          "_locationTaught": 0,
          "_timeslot": Timeslot {
            "_endTime": Time {
              "_hours": 15,
              "_minutes": 50,
            },
            "_startTime": Time {
              "_hours": 14,
              "_minutes": 30,
            },
          },
        },
      ],
      9 => [
        WeeklySection {
          "_campus": 0,
          "_classNumber": 6967,
          "_component": 9,
          "_componentNumber": 101,
          "_courseName": "CS 135",
          "_days": [
            5,
          ],
          "_enrolCap": 60,
          "_enrolTotal": 59,
          "_instructor": "",
          "_locationTaught": 0,
          "_timeslot": Timeslot {
            "_endTime": Time {
              "_hours": 9,
              "_minutes": 20,
            },
            "_startTime": Time {
              "_hours": 8,
              "_minutes": 30,
            },
          },
        },
        WeeklySection {
          "_campus": 0,
          "_classNumber": 6968,
          "_component": 9,
          "_componentNumber": 102,
          "_courseName": "CS 135",
          "_days": [
            5,
          ],
          "_enrolCap": 55,
          "_enrolTotal": 47,
          "_instructor": "",
          "_locationTaught": 0,
          "_timeslot": Timeslot {
            "_endTime": Time {
              "_hours": 10,
              "_minutes": 20,
            },
            "_startTime": Time {
              "_hours": 9,
              "_minutes": 30,
            },
          },
        },
        WeeklySection {
          "_campus": 0,
          "_classNumber": 6969,
          "_component": 9,
          "_componentNumber": 103,
          "_courseName": "CS 135",
          "_days": [
            5,
          ],
          "_enrolCap": 55,
          "_enrolTotal": 47,
          "_instructor": "",
          "_locationTaught": 0,
          "_timeslot": Timeslot {
            "_endTime": Time {
              "_hours": 11,
              "_minutes": 20,
            },
            "_startTime": Time {
              "_hours": 10,
              "_minutes": 30,
            },
          },
        },
        WeeklySection {
          "_campus": 0,
          "_classNumber": 6970,
          "_component": 9,
          "_componentNumber": 104,
          "_courseName": "CS 135",
          "_days": [
            5,
          ],
          "_enrolCap": 55,
          "_enrolTotal": 51,
          "_instructor": "",
          "_locationTaught": 0,
          "_timeslot": Timeslot {
            "_endTime": Time {
              "_hours": 12,
              "_minutes": 20,
            },
            "_startTime": Time {
              "_hours": 11,
              "_minutes": 30,
            },
          },
        },
        WeeklySection {
          "_campus": 0,
          "_classNumber": 6971,
          "_component": 9,
          "_componentNumber": 105,
          "_courseName": "CS 135",
          "_days": [
            5,
          ],
          "_enrolCap": 60,
          "_enrolTotal": 60,
          "_instructor": "",
          "_locationTaught": 0,
          "_timeslot": Timeslot {
            "_endTime": Time {
              "_hours": 13,
              "_minutes": 20,
            },
            "_startTime": Time {
              "_hours": 12,
              "_minutes": 30,
            },
          },
        },
        WeeklySection {
          "_campus": 0,
          "_classNumber": 6972,
          "_component": 9,
          "_componentNumber": 106,
          "_courseName": "CS 135",
          "_days": [
            5,
          ],
          "_enrolCap": 55,
          "_enrolTotal": 41,
          "_instructor": "",
          "_locationTaught": 0,
          "_timeslot": Timeslot {
            "_endTime": Time {
              "_hours": 14,
              "_minutes": 20,
            },
            "_startTime": Time {
              "_hours": 13,
              "_minutes": 30,
            },
          },
        },
        WeeklySection {
          "_campus": 0,
          "_classNumber": 6973,
          "_component": 9,
          "_componentNumber": 107,
          "_courseName": "CS 135",
          "_days": [
            5,
          ],
          "_enrolCap": 55,
          "_enrolTotal": 53,
          "_instructor": "",
          "_locationTaught": 0,
          "_timeslot": Timeslot {
            "_endTime": Time {
              "_hours": 15,
              "_minutes": 20,
            },
            "_startTime": Time {
              "_hours": 14,
              "_minutes": 30,
            },
          },
        },
        WeeklySection {
          "_campus": 0,
          "_classNumber": 6974,
          "_component": 9,
          "_componentNumber": 108,
          "_courseName": "CS 135",
          "_days": [
            5,
          ],
          "_enrolCap": 55,
          "_enrolTotal": 38,
          "_instructor": "",
          "_locationTaught": 0,
          "_timeslot": Timeslot {
            "_endTime": Time {
              "_hours": 10,
              "_minutes": 20,
            },
            "_startTime": Time {
              "_hours": 9,
              "_minutes": 30,
            },
          },
        },
        WeeklySection {
          "_campus": 0,
          "_classNumber": 6975,
          "_component": 9,
          "_componentNumber": 109,
          "_courseName": "CS 135",
          "_days": [
            5,
          ],
          "_enrolCap": 55,
          "_enrolTotal": 40,
          "_instructor": "",
          "_locationTaught": 0,
          "_timeslot": Timeslot {
            "_endTime": Time {
              "_hours": 11,
              "_minutes": 20,
            },
            "_startTime": Time {
              "_hours": 10,
              "_minutes": 30,
            },
          },
        },
        WeeklySection {
          "_campus": 0,
          "_classNumber": 6976,
          "_component": 9,
          "_componentNumber": 110,
          "_courseName": "CS 135",
          "_days": [
            5,
          ],
          "_enrolCap": 60,
          "_enrolTotal": 58,
          "_instructor": "",
          "_locationTaught": 0,
          "_timeslot": Timeslot {
            "_endTime": Time {
              "_hours": 12,
              "_minutes": 20,
            },
            "_startTime": Time {
              "_hours": 11,
              "_minutes": 30,
            },
          },
        },
        WeeklySection {
          "_campus": 0,
          "_classNumber": 6977,
          "_component": 9,
          "_componentNumber": 111,
          "_courseName": "CS 135",
          "_days": [
            5,
          ],
          "_enrolCap": 60,
          "_enrolTotal": 49,
          "_instructor": "",
          "_locationTaught": 0,
          "_timeslot": Timeslot {
            "_endTime": Time {
              "_hours": 13,
              "_minutes": 20,
            },
            "_startTime": Time {
              "_hours": 12,
              "_minutes": 30,
            },
          },
        },
        WeeklySection {
          "_campus": 0,
          "_classNumber": 6978,
          "_component": 9,
          "_componentNumber": 112,
          "_courseName": "CS 135",
          "_days": [
            5,
          ],
          "_enrolCap": 60,
          "_enrolTotal": 58,
          "_instructor": "",
          "_locationTaught": 0,
          "_timeslot": Timeslot {
            "_endTime": Time {
              "_hours": 14,
              "_minutes": 20,
            },
            "_startTime": Time {
              "_hours": 13,
              "_minutes": 30,
            },
          },
        },
        WeeklySection {
          "_campus": 0,
          "_classNumber": 6979,
          "_component": 9,
          "_componentNumber": 113,
          "_courseName": "CS 135",
          "_days": [
            5,
          ],
          "_enrolCap": 60,
          "_enrolTotal": 61,
          "_instructor": "",
          "_locationTaught": 0,
          "_timeslot": Timeslot {
            "_endTime": Time {
              "_hours": 15,
              "_minutes": 20,
            },
            "_startTime": Time {
              "_hours": 14,
              "_minutes": 30,
            },
          },
        },
        WeeklySection {
          "_campus": 0,
          "_classNumber": 6980,
          "_component": 9,
          "_componentNumber": 114,
          "_courseName": "CS 135",
          "_days": [
            5,
          ],
          "_enrolCap": 60,
          "_enrolTotal": 51,
          "_instructor": "",
          "_locationTaught": 0,
          "_timeslot": Timeslot {
            "_endTime": Time {
              "_hours": 10,
              "_minutes": 20,
            },
            "_startTime": Time {
              "_hours": 9,
              "_minutes": 30,
            },
          },
        },
        WeeklySection {
          "_campus": 0,
          "_classNumber": 7003,
          "_component": 9,
          "_componentNumber": 116,
          "_courseName": "CS 135",
          "_days": [
            5,
          ],
          "_enrolCap": 60,
          "_enrolTotal": 58,
          "_instructor": "",
          "_locationTaught": 0,
          "_timeslot": Timeslot {
            "_endTime": Time {
              "_hours": 12,
              "_minutes": 20,
            },
            "_startTime": Time {
              "_hours": 11,
              "_minutes": 30,
            },
          },
        },
        WeeklySection {
          "_campus": 0,
          "_classNumber": 7004,
          "_component": 9,
          "_componentNumber": 117,
          "_courseName": "CS 135",
          "_days": [
            5,
          ],
          "_enrolCap": 60,
          "_enrolTotal": 42,
          "_instructor": "",
          "_locationTaught": 0,
          "_timeslot": Timeslot {
            "_endTime": Time {
              "_hours": 13,
              "_minutes": 20,
            },
            "_startTime": Time {
              "_hours": 12,
              "_minutes": 30,
            },
          },
        },
        WeeklySection {
          "_campus": 0,
          "_classNumber": 7007,
          "_component": 9,
          "_componentNumber": 118,
          "_courseName": "CS 135",
          "_days": [
            5,
          ],
          "_enrolCap": 55,
          "_enrolTotal": 38,
          "_instructor": "",
          "_locationTaught": 0,
          "_timeslot": Timeslot {
            "_endTime": Time {
              "_hours": 14,
              "_minutes": 20,
            },
            "_startTime": Time {
              "_hours": 13,
              "_minutes": 30,
            },
          },
        },
      ],
      8 => [
        OneTimeSection {
          "_campus": 0,
          "_classNumber": 6827,
          "_component": 8,
          "_componentNumber": 201,
          "_courseName": "CS 135",
          "_date": 2024-10-28T04:00:00.000Z,
          "_enrolCap": 980,
          "_enrolTotal": 851,
          "_instructor": "",
          "_locationTaught": 0,
          "_timeslot": Timeslot {
            "_endTime": Time {
              "_hours": 20,
              "_minutes": 50,
            },
            "_startTime": Time {
              "_hours": 19,
              "_minutes": 0,
            },
          },
        },
      ],
    },
    "_courseTitle": "Designing Functional Programs",
    "_instructors": [],
    "_sections": [
      WeeklySection {
        "_campus": 0,
        "_classNumber": 6344,
        "_component": 0,
        "_componentNumber": 1,
        "_courseName": "CS 135",
        "_days": [
          2,
          4,
        ],
        "_enrolCap": 90,
        "_enrolTotal": 80,
        "_instructor": "",
        "_locationTaught": 0,
        "_timeslot": Timeslot {
          "_endTime": Time {
            "_hours": 9,
            "_minutes": 50,
          },
          "_startTime": Time {
            "_hours": 8,
            "_minutes": 30,
          },
        },
      },
      WeeklySection {
        "_campus": 0,
        "_classNumber": 6371,
        "_component": 0,
        "_componentNumber": 2,
        "_courseName": "CS 135",
        "_days": [
          2,
          4,
        ],
        "_enrolCap": 90,
        "_enrolTotal": 74,
        "_instructor": "",
        "_locationTaught": 0,
        "_timeslot": Timeslot {
          "_endTime": Time {
            "_hours": 11,
            "_minutes": 20,
          },
          "_startTime": Time {
            "_hours": 10,
            "_minutes": 0,
          },
        },
      },
      WeeklySection {
        "_campus": 0,
        "_classNumber": 6336,
        "_component": 0,
        "_componentNumber": 3,
        "_courseName": "CS 135",
        "_days": [
          2,
          4,
        ],
        "_enrolCap": 90,
        "_enrolTotal": 87,
        "_instructor": "",
        "_locationTaught": 0,
        "_timeslot": Timeslot {
          "_endTime": Time {
            "_hours": 12,
            "_minutes": 50,
          },
          "_startTime": Time {
            "_hours": 11,
            "_minutes": 30,
          },
        },
      },
      WeeklySection {
        "_campus": 0,
        "_classNumber": 6337,
        "_component": 0,
        "_componentNumber": 4,
        "_courseName": "CS 135",
        "_days": [
          2,
          4,
        ],
        "_enrolCap": 90,
        "_enrolTotal": 89,
        "_instructor": "",
        "_locationTaught": 0,
        "_timeslot": Timeslot {
          "_endTime": Time {
            "_hours": 14,
            "_minutes": 20,
          },
          "_startTime": Time {
            "_hours": 13,
            "_minutes": 0,
          },
        },
      },
      WeeklySection {
        "_campus": 0,
        "_classNumber": 6345,
        "_component": 0,
        "_componentNumber": 5,
        "_courseName": "CS 135",
        "_days": [
          2,
          4,
        ],
        "_enrolCap": 90,
        "_enrolTotal": 81,
        "_instructor": "",
        "_locationTaught": 0,
        "_timeslot": Timeslot {
          "_endTime": Time {
            "_hours": 11,
            "_minutes": 20,
          },
          "_startTime": Time {
            "_hours": 10,
            "_minutes": 0,
          },
        },
      },
      WeeklySection {
        "_campus": 0,
        "_classNumber": 6346,
        "_component": 0,
        "_componentNumber": 6,
        "_courseName": "CS 135",
        "_days": [
          2,
          4,
        ],
        "_enrolCap": 90,
        "_enrolTotal": 62,
        "_instructor": "",
        "_locationTaught": 0,
        "_timeslot": Timeslot {
          "_endTime": Time {
            "_hours": 12,
            "_minutes": 50,
          },
          "_startTime": Time {
            "_hours": 11,
            "_minutes": 30,
          },
        },
      },
      WeeklySection {
        "_campus": 0,
        "_classNumber": 6372,
        "_component": 0,
        "_componentNumber": 7,
        "_courseName": "CS 135",
        "_days": [
          2,
          4,
        ],
        "_enrolCap": 90,
        "_enrolTotal": 89,
        "_instructor": "",
        "_locationTaught": 0,
        "_timeslot": Timeslot {
          "_endTime": Time {
            "_hours": 14,
            "_minutes": 20,
          },
          "_startTime": Time {
            "_hours": 13,
            "_minutes": 0,
          },
        },
      },
      WeeklySection {
        "_campus": 0,
        "_classNumber": 6379,
        "_component": 0,
        "_componentNumber": 8,
        "_courseName": "CS 135",
        "_days": [
          2,
          4,
        ],
        "_enrolCap": 90,
        "_enrolTotal": 82,
        "_instructor": "",
        "_locationTaught": 0,
        "_timeslot": Timeslot {
          "_endTime": Time {
            "_hours": 15,
            "_minutes": 50,
          },
          "_startTime": Time {
            "_hours": 14,
            "_minutes": 30,
          },
        },
      },
      WeeklySection {
        "_campus": 0,
        "_classNumber": 6380,
        "_component": 0,
        "_componentNumber": 9,
        "_courseName": "CS 135",
        "_days": [
          2,
          4,
        ],
        "_enrolCap": 80,
        "_enrolTotal": 66,
        "_instructor": "",
        "_locationTaught": 0,
        "_timeslot": Timeslot {
          "_endTime": Time {
            "_hours": 11,
            "_minutes": 20,
          },
          "_startTime": Time {
            "_hours": 10,
            "_minutes": 0,
          },
        },
      },
      WeeklySection {
        "_campus": 0,
        "_classNumber": 6800,
        "_component": 0,
        "_componentNumber": 10,
        "_courseName": "CS 135",
        "_days": [
          2,
          4,
        ],
        "_enrolCap": 90,
        "_enrolTotal": 70,
        "_instructor": "",
        "_locationTaught": 0,
        "_timeslot": Timeslot {
          "_endTime": Time {
            "_hours": 12,
            "_minutes": 50,
          },
          "_startTime": Time {
            "_hours": 11,
            "_minutes": 30,
          },
        },
      },
      WeeklySection {
        "_campus": 0,
        "_classNumber": 8639,
        "_component": 0,
        "_componentNumber": 12,
        "_courseName": "CS 135",
        "_days": [
          2,
          4,
        ],
        "_enrolCap": 90,
        "_enrolTotal": 71,
        "_instructor": "",
        "_locationTaught": 0,
        "_timeslot": Timeslot {
          "_endTime": Time {
            "_hours": 15,
            "_minutes": 50,
          },
          "_startTime": Time {
            "_hours": 14,
            "_minutes": 30,
          },
        },
      },
      WeeklySection {
        "_campus": 0,
        "_classNumber": 6967,
        "_component": 9,
        "_componentNumber": 101,
        "_courseName": "CS 135",
        "_days": [
          5,
        ],
        "_enrolCap": 60,
        "_enrolTotal": 59,
        "_instructor": "",
        "_locationTaught": 0,
        "_timeslot": Timeslot {
          "_endTime": Time {
            "_hours": 9,
            "_minutes": 20,
          },
          "_startTime": Time {
            "_hours": 8,
            "_minutes": 30,
          },
        },
      },
      WeeklySection {
        "_campus": 0,
        "_classNumber": 6968,
        "_component": 9,
        "_componentNumber": 102,
        "_courseName": "CS 135",
        "_days": [
          5,
        ],
        "_enrolCap": 55,
        "_enrolTotal": 47,
        "_instructor": "",
        "_locationTaught": 0,
        "_timeslot": Timeslot {
          "_endTime": Time {
            "_hours": 10,
            "_minutes": 20,
          },
          "_startTime": Time {
            "_hours": 9,
            "_minutes": 30,
          },
        },
      },
      WeeklySection {
        "_campus": 0,
        "_classNumber": 6969,
        "_component": 9,
        "_componentNumber": 103,
        "_courseName": "CS 135",
        "_days": [
          5,
        ],
        "_enrolCap": 55,
        "_enrolTotal": 47,
        "_instructor": "",
        "_locationTaught": 0,
        "_timeslot": Timeslot {
          "_endTime": Time {
            "_hours": 11,
            "_minutes": 20,
          },
          "_startTime": Time {
            "_hours": 10,
            "_minutes": 30,
          },
        },
      },
      WeeklySection {
        "_campus": 0,
        "_classNumber": 6970,
        "_component": 9,
        "_componentNumber": 104,
        "_courseName": "CS 135",
        "_days": [
          5,
        ],
        "_enrolCap": 55,
        "_enrolTotal": 51,
        "_instructor": "",
        "_locationTaught": 0,
        "_timeslot": Timeslot {
          "_endTime": Time {
            "_hours": 12,
            "_minutes": 20,
          },
          "_startTime": Time {
            "_hours": 11,
            "_minutes": 30,
          },
        },
      },
      WeeklySection {
        "_campus": 0,
        "_classNumber": 6971,
        "_component": 9,
        "_componentNumber": 105,
        "_courseName": "CS 135",
        "_days": [
          5,
        ],
        "_enrolCap": 60,
        "_enrolTotal": 60,
        "_instructor": "",
        "_locationTaught": 0,
        "_timeslot": Timeslot {
          "_endTime": Time {
            "_hours": 13,
            "_minutes": 20,
          },
          "_startTime": Time {
            "_hours": 12,
            "_minutes": 30,
          },
        },
      },
      WeeklySection {
        "_campus": 0,
        "_classNumber": 6972,
        "_component": 9,
        "_componentNumber": 106,
        "_courseName": "CS 135",
        "_days": [
          5,
        ],
        "_enrolCap": 55,
        "_enrolTotal": 41,
        "_instructor": "",
        "_locationTaught": 0,
        "_timeslot": Timeslot {
          "_endTime": Time {
            "_hours": 14,
            "_minutes": 20,
          },
          "_startTime": Time {
            "_hours": 13,
            "_minutes": 30,
          },
        },
      },
      WeeklySection {
        "_campus": 0,
        "_classNumber": 6973,
        "_component": 9,
        "_componentNumber": 107,
        "_courseName": "CS 135",
        "_days": [
          5,
        ],
        "_enrolCap": 55,
        "_enrolTotal": 53,
        "_instructor": "",
        "_locationTaught": 0,
        "_timeslot": Timeslot {
          "_endTime": Time {
            "_hours": 15,
            "_minutes": 20,
          },
          "_startTime": Time {
            "_hours": 14,
            "_minutes": 30,
          },
        },
      },
      WeeklySection {
        "_campus": 0,
        "_classNumber": 6974,
        "_component": 9,
        "_componentNumber": 108,
        "_courseName": "CS 135",
        "_days": [
          5,
        ],
        "_enrolCap": 55,
        "_enrolTotal": 38,
        "_instructor": "",
        "_locationTaught": 0,
        "_timeslot": Timeslot {
          "_endTime": Time {
            "_hours": 10,
            "_minutes": 20,
          },
          "_startTime": Time {
            "_hours": 9,
            "_minutes": 30,
          },
        },
      },
      WeeklySection {
        "_campus": 0,
        "_classNumber": 6975,
        "_component": 9,
        "_componentNumber": 109,
        "_courseName": "CS 135",
        "_days": [
          5,
        ],
        "_enrolCap": 55,
        "_enrolTotal": 40,
        "_instructor": "",
        "_locationTaught": 0,
        "_timeslot": Timeslot {
          "_endTime": Time {
            "_hours": 11,
            "_minutes": 20,
          },
          "_startTime": Time {
            "_hours": 10,
            "_minutes": 30,
          },
        },
      },
      WeeklySection {
        "_campus": 0,
        "_classNumber": 6976,
        "_component": 9,
        "_componentNumber": 110,
        "_courseName": "CS 135",
        "_days": [
          5,
        ],
        "_enrolCap": 60,
        "_enrolTotal": 58,
        "_instructor": "",
        "_locationTaught": 0,
        "_timeslot": Timeslot {
          "_endTime": Time {
            "_hours": 12,
            "_minutes": 20,
          },
          "_startTime": Time {
            "_hours": 11,
            "_minutes": 30,
          },
        },
      },
      WeeklySection {
        "_campus": 0,
        "_classNumber": 6977,
        "_component": 9,
        "_componentNumber": 111,
        "_courseName": "CS 135",
        "_days": [
          5,
        ],
        "_enrolCap": 60,
        "_enrolTotal": 49,
        "_instructor": "",
        "_locationTaught": 0,
        "_timeslot": Timeslot {
          "_endTime": Time {
            "_hours": 13,
            "_minutes": 20,
          },
          "_startTime": Time {
            "_hours": 12,
            "_minutes": 30,
          },
        },
      },
      WeeklySection {
        "_campus": 0,
        "_classNumber": 6978,
        "_component": 9,
        "_componentNumber": 112,
        "_courseName": "CS 135",
        "_days": [
          5,
        ],
        "_enrolCap": 60,
        "_enrolTotal": 58,
        "_instructor": "",
        "_locationTaught": 0,
        "_timeslot": Timeslot {
          "_endTime": Time {
            "_hours": 14,
            "_minutes": 20,
          },
          "_startTime": Time {
            "_hours": 13,
            "_minutes": 30,
          },
        },
      },
      WeeklySection {
        "_campus": 0,
        "_classNumber": 6979,
        "_component": 9,
        "_componentNumber": 113,
        "_courseName": "CS 135",
        "_days": [
          5,
        ],
        "_enrolCap": 60,
        "_enrolTotal": 61,
        "_instructor": "",
        "_locationTaught": 0,
        "_timeslot": Timeslot {
          "_endTime": Time {
            "_hours": 15,
            "_minutes": 20,
          },
          "_startTime": Time {
            "_hours": 14,
            "_minutes": 30,
          },
        },
      },
      WeeklySection {
        "_campus": 0,
        "_classNumber": 6980,
        "_component": 9,
        "_componentNumber": 114,
        "_courseName": "CS 135",
        "_days": [
          5,
        ],
        "_enrolCap": 60,
        "_enrolTotal": 51,
        "_instructor": "",
        "_locationTaught": 0,
        "_timeslot": Timeslot {
          "_endTime": Time {
            "_hours": 10,
            "_minutes": 20,
          },
          "_startTime": Time {
            "_hours": 9,
            "_minutes": 30,
          },
        },
      },
      WeeklySection {
        "_campus": 0,
        "_classNumber": 7003,
        "_component": 9,
        "_componentNumber": 116,
        "_courseName": "CS 135",
        "_days": [
          5,
        ],
        "_enrolCap": 60,
        "_enrolTotal": 58,
        "_instructor": "",
        "_locationTaught": 0,
        "_timeslot": Timeslot {
          "_endTime": Time {
            "_hours": 12,
            "_minutes": 20,
          },
          "_startTime": Time {
            "_hours": 11,
            "_minutes": 30,
          },
        },
      },
      WeeklySection {
        "_campus": 0,
        "_classNumber": 7004,
        "_component": 9,
        "_componentNumber": 117,
        "_courseName": "CS 135",
        "_days": [
          5,
        ],
        "_enrolCap": 60,
        "_enrolTotal": 42,
        "_instructor": "",
        "_locationTaught": 0,
        "_timeslot": Timeslot {
          "_endTime": Time {
            "_hours": 13,
            "_minutes": 20,
          },
          "_startTime": Time {
            "_hours": 12,
            "_minutes": 30,
          },
        },
      },
      WeeklySection {
        "_campus": 0,
        "_classNumber": 7007,
        "_component": 9,
        "_componentNumber": 118,
        "_courseName": "CS 135",
        "_days": [
          5,
        ],
        "_enrolCap": 55,
        "_enrolTotal": 38,
        "_instructor": "",
        "_locationTaught": 0,
        "_timeslot": Timeslot {
          "_endTime": Time {
            "_hours": 14,
            "_minutes": 20,
          },
          "_startTime": Time {
            "_hours": 13,
            "_minutes": 30,
          },
        },
      },
      OneTimeSection {
        "_campus": 0,
        "_classNumber": 6827,
        "_component": 8,
        "_componentNumber": 201,
        "_courseName": "CS 135",
        "_date": 2024-10-28T04:00:00.000Z,
        "_enrolCap": 980,
        "_enrolTotal": 851,
        "_instructor": "",
        "_locationTaught": 0,
        "_timeslot": Timeslot {
          "_endTime": Time {
            "_hours": 20,
            "_minutes": 50,
          },
          "_startTime": Time {
            "_hours": 19,
            "_minutes": 0,
          },
        },
      },
    ],
    "_subject": "CS",
    "_term": 1249,
    "_units": 0.5,
  },
  Course {
    "_catalogNumber": 135,
    "_catalogNumberSurfix": "",
    "_components": Map {
      0 => [
        WeeklySection {
          "_campus": 0,
          "_classNumber": 6192,
          "_component": 0,
          "_componentNumber": 1,
          "_courseName": "MATH 135",
          "_days": [
            1,
            3,
            5,
          ],
          "_enrolCap": 60,
          "_enrolTotal": 51,
          "_instructor": "",
          "_locationTaught": 0,
          "_timeslot": Timeslot {
            "_endTime": Time {
              "_hours": 10,
              "_minutes": 20,
            },
            "_startTime": Time {
              "_hours": 9,
              "_minutes": 30,
            },
          },
        },
        WeeklySection {
          "_campus": 0,
          "_classNumber": 6536,
          "_component": 0,
          "_componentNumber": 2,
          "_courseName": "MATH 135",
          "_days": [
            1,
            3,
            5,
          ],
          "_enrolCap": 60,
          "_enrolTotal": 53,
          "_instructor": "",
          "_locationTaught": 0,
          "_timeslot": Timeslot {
            "_endTime": Time {
              "_hours": 15,
              "_minutes": 20,
            },
            "_startTime": Time {
              "_hours": 14,
              "_minutes": 30,
            },
          },
        },
        WeeklySection {
          "_campus": 0,
          "_classNumber": 6549,
          "_component": 0,
          "_componentNumber": 3,
          "_courseName": "MATH 135",
          "_days": [
            1,
            3,
            5,
          ],
          "_enrolCap": 60,
          "_enrolTotal": 53,
          "_instructor": "",
          "_locationTaught": 0,
          "_timeslot": Timeslot {
            "_endTime": Time {
              "_hours": 16,
              "_minutes": 20,
            },
            "_startTime": Time {
              "_hours": 15,
              "_minutes": 30,
            },
          },
        },
        WeeklySection {
          "_campus": 0,
          "_classNumber": 6554,
          "_component": 0,
          "_componentNumber": 4,
          "_courseName": "MATH 135",
          "_days": [
            1,
            3,
            5,
          ],
          "_enrolCap": 60,
          "_enrolTotal": 57,
          "_instructor": "",
          "_locationTaught": 0,
          "_timeslot": Timeslot {
            "_endTime": Time {
              "_hours": 12,
              "_minutes": 20,
            },
            "_startTime": Time {
              "_hours": 11,
              "_minutes": 30,
            },
          },
        },
        WeeklySection {
          "_campus": 0,
          "_classNumber": 6555,
          "_component": 0,
          "_componentNumber": 5,
          "_courseName": "MATH 135",
          "_days": [
            1,
            3,
            5,
          ],
          "_enrolCap": 60,
          "_enrolTotal": 53,
          "_instructor": "",
          "_locationTaught": 0,
          "_timeslot": Timeslot {
            "_endTime": Time {
              "_hours": 13,
              "_minutes": 20,
            },
            "_startTime": Time {
              "_hours": 12,
              "_minutes": 30,
            },
          },
        },
        WeeklySection {
          "_campus": 0,
          "_classNumber": 6553,
          "_component": 0,
          "_componentNumber": 6,
          "_courseName": "MATH 135",
          "_days": [
            1,
            3,
            5,
          ],
          "_enrolCap": 60,
          "_enrolTotal": 60,
          "_instructor": "",
          "_locationTaught": 0,
          "_timeslot": Timeslot {
            "_endTime": Time {
              "_hours": 11,
              "_minutes": 20,
            },
            "_startTime": Time {
              "_hours": 10,
              "_minutes": 30,
            },
          },
        },
        WeeklySection {
          "_campus": 0,
          "_classNumber": 6556,
          "_component": 0,
          "_componentNumber": 7,
          "_courseName": "MATH 135",
          "_days": [
            1,
            3,
            5,
          ],
          "_enrolCap": 60,
          "_enrolTotal": 58,
          "_instructor": "",
          "_locationTaught": 0,
          "_timeslot": Timeslot {
            "_endTime": Time {
              "_hours": 14,
              "_minutes": 20,
            },
            "_startTime": Time {
              "_hours": 13,
              "_minutes": 30,
            },
          },
        },
        WeeklySection {
          "_campus": 0,
          "_classNumber": 6551,
          "_component": 0,
          "_componentNumber": 8,
          "_courseName": "MATH 135",
          "_days": [
            1,
            3,
            5,
          ],
          "_enrolCap": 60,
          "_enrolTotal": 55,
          "_instructor": "",
          "_locationTaught": 0,
          "_timeslot": Timeslot {
            "_endTime": Time {
              "_hours": 9,
              "_minutes": 20,
            },
            "_startTime": Time {
              "_hours": 8,
              "_minutes": 30,
            },
          },
        },
        WeeklySection {
          "_campus": 0,
          "_classNumber": 6552,
          "_component": 0,
          "_componentNumber": 9,
          "_courseName": "MATH 135",
          "_days": [
            1,
            3,
            5,
          ],
          "_enrolCap": 60,
          "_enrolTotal": 52,
          "_instructor": "",
          "_locationTaught": 0,
          "_timeslot": Timeslot {
            "_endTime": Time {
              "_hours": 10,
              "_minutes": 20,
            },
            "_startTime": Time {
              "_hours": 9,
              "_minutes": 30,
            },
          },
        },
        WeeklySection {
          "_campus": 0,
          "_classNumber": 6561,
          "_component": 0,
          "_componentNumber": 10,
          "_courseName": "MATH 135",
          "_days": [
            1,
            3,
            5,
          ],
          "_enrolCap": 60,
          "_enrolTotal": 54,
          "_instructor": "",
          "_locationTaught": 0,
          "_timeslot": Timeslot {
            "_endTime": Time {
              "_hours": 10,
              "_minutes": 20,
            },
            "_startTime": Time {
              "_hours": 9,
              "_minutes": 30,
            },
          },
        },
        WeeklySection {
          "_campus": 0,
          "_classNumber": 6856,
          "_component": 0,
          "_componentNumber": 11,
          "_courseName": "MATH 135",
          "_days": [
            1,
            3,
            5,
          ],
          "_enrolCap": 70,
          "_enrolTotal": 71,
          "_instructor": "",
          "_locationTaught": 0,
          "_timeslot": Timeslot {
            "_endTime": Time {
              "_hours": 14,
              "_minutes": 20,
            },
            "_startTime": Time {
              "_hours": 13,
              "_minutes": 30,
            },
          },
        },
        WeeklySection {
          "_campus": 0,
          "_classNumber": 6857,
          "_component": 0,
          "_componentNumber": 12,
          "_courseName": "MATH 135",
          "_days": [
            1,
            3,
            5,
          ],
          "_enrolCap": 70,
          "_enrolTotal": 72,
          "_instructor": "",
          "_locationTaught": 0,
          "_timeslot": Timeslot {
            "_endTime": Time {
              "_hours": 14,
              "_minutes": 20,
            },
            "_startTime": Time {
              "_hours": 13,
              "_minutes": 30,
            },
          },
        },
        WeeklySection {
          "_campus": 0,
          "_classNumber": 6558,
          "_component": 0,
          "_componentNumber": 16,
          "_courseName": "MATH 135",
          "_days": [
            1,
            3,
            5,
          ],
          "_enrolCap": 60,
          "_enrolTotal": 59,
          "_instructor": "",
          "_locationTaught": 0,
          "_timeslot": Timeslot {
            "_endTime": Time {
              "_hours": 16,
              "_minutes": 20,
            },
            "_startTime": Time {
              "_hours": 15,
              "_minutes": 30,
            },
          },
        },
        WeeklySection {
          "_campus": 0,
          "_classNumber": 6562,
          "_component": 0,
          "_componentNumber": 17,
          "_courseName": "MATH 135",
          "_days": [
            1,
            3,
            5,
          ],
          "_enrolCap": 60,
          "_enrolTotal": 54,
          "_instructor": "",
          "_locationTaught": 0,
          "_timeslot": Timeslot {
            "_endTime": Time {
              "_hours": 11,
              "_minutes": 20,
            },
            "_startTime": Time {
              "_hours": 10,
              "_minutes": 30,
            },
          },
        },
        WeeklySection {
          "_campus": 0,
          "_classNumber": 6852,
          "_component": 0,
          "_componentNumber": 18,
          "_courseName": "MATH 135",
          "_days": [
            1,
            3,
            5,
          ],
          "_enrolCap": 60,
          "_enrolTotal": 56,
          "_instructor": "",
          "_locationTaught": 0,
          "_timeslot": Timeslot {
            "_endTime": Time {
              "_hours": 12,
              "_minutes": 20,
            },
            "_startTime": Time {
              "_hours": 11,
              "_minutes": 30,
            },
          },
        },
        WeeklySection {
          "_campus": 0,
          "_classNumber": 6853,
          "_component": 0,
          "_componentNumber": 19,
          "_courseName": "MATH 135",
          "_days": [
            1,
            3,
            5,
          ],
          "_enrolCap": 60,
          "_enrolTotal": 56,
          "_instructor": "",
          "_locationTaught": 0,
          "_timeslot": Timeslot {
            "_endTime": Time {
              "_hours": 13,
              "_minutes": 20,
            },
            "_startTime": Time {
              "_hours": 12,
              "_minutes": 30,
            },
          },
        },
        WeeklySection {
          "_campus": 0,
          "_classNumber": 6854,
          "_component": 0,
          "_componentNumber": 20,
          "_courseName": "MATH 135",
          "_days": [
            1,
            3,
            5,
          ],
          "_enrolCap": 60,
          "_enrolTotal": 60,
          "_instructor": "",
          "_locationTaught": 0,
          "_timeslot": Timeslot {
            "_endTime": Time {
              "_hours": 14,
              "_minutes": 20,
            },
            "_startTime": Time {
              "_hours": 13,
              "_minutes": 30,
            },
          },
        },
        WeeklySection {
          "_campus": 0,
          "_classNumber": 6191,
          "_component": 0,
          "_componentNumber": 21,
          "_courseName": "MATH 135",
          "_days": [
            1,
            3,
            5,
          ],
          "_enrolCap": 60,
          "_enrolTotal": 18,
          "_instructor": "",
          "_locationTaught": 0,
          "_timeslot": Timeslot {
            "_endTime": Time {
              "_hours": 9,
              "_minutes": 20,
            },
            "_startTime": Time {
              "_hours": 8,
              "_minutes": 30,
            },
          },
        },
        WeeklySection {
          "_campus": 0,
          "_classNumber": 6193,
          "_component": 0,
          "_componentNumber": 22,
          "_courseName": "MATH 135",
          "_days": [
            1,
            3,
            5,
          ],
          "_enrolCap": 60,
          "_enrolTotal": 59,
          "_instructor": "",
          "_locationTaught": 0,
          "_timeslot": Timeslot {
            "_endTime": Time {
              "_hours": 11,
              "_minutes": 20,
            },
            "_startTime": Time {
              "_hours": 10,
              "_minutes": 30,
            },
          },
        },
        WeeklySection {
          "_campus": 0,
          "_classNumber": 6417,
          "_component": 0,
          "_componentNumber": 23,
          "_courseName": "MATH 135",
          "_days": [
            1,
            3,
            5,
          ],
          "_enrolCap": 60,
          "_enrolTotal": 53,
          "_instructor": "",
          "_locationTaught": 0,
          "_timeslot": Timeslot {
            "_endTime": Time {
              "_hours": 14,
              "_minutes": 20,
            },
            "_startTime": Time {
              "_hours": 13,
              "_minutes": 30,
            },
          },
        },
        WeeklySection {
          "_campus": 0,
          "_classNumber": 6550,
          "_component": 0,
          "_componentNumber": 24,
          "_courseName": "MATH 135",
          "_days": [
            1,
            3,
            5,
          ],
          "_enrolCap": 60,
          "_enrolTotal": 55,
          "_instructor": "",
          "_locationTaught": 0,
          "_timeslot": Timeslot {
            "_endTime": Time {
              "_hours": 17,
              "_minutes": 20,
            },
            "_startTime": Time {
              "_hours": 16,
              "_minutes": 30,
            },
          },
        },
        WeeklySection {
          "_campus": 0,
          "_classNumber": 6855,
          "_component": 0,
          "_componentNumber": 25,
          "_courseName": "MATH 135",
          "_days": [
            1,
            3,
            5,
          ],
          "_enrolCap": 60,
          "_enrolTotal": 57,
          "_instructor": "",
          "_locationTaught": 0,
          "_timeslot": Timeslot {
            "_endTime": Time {
              "_hours": 16,
              "_minutes": 20,
            },
            "_startTime": Time {
              "_hours": 15,
              "_minutes": 30,
            },
          },
        },
        WeeklySection {
          "_campus": 0,
          "_classNumber": 6194,
          "_component": 0,
          "_componentNumber": 26,
          "_courseName": "MATH 135",
          "_days": [
            1,
            3,
            5,
          ],
          "_enrolCap": 60,
          "_enrolTotal": 52,
          "_instructor": "",
          "_locationTaught": 0,
          "_timeslot": Timeslot {
            "_endTime": Time {
              "_hours": 12,
              "_minutes": 20,
            },
            "_startTime": Time {
              "_hours": 11,
              "_minutes": 30,
            },
          },
        },
        WeeklySection {
          "_campus": 0,
          "_classNumber": 6559,
          "_component": 0,
          "_componentNumber": 27,
          "_courseName": "MATH 135",
          "_days": [
            1,
            3,
            5,
          ],
          "_enrolCap": 60,
          "_enrolTotal": 52,
          "_instructor": "",
          "_locationTaught": 0,
          "_timeslot": Timeslot {
            "_endTime": Time {
              "_hours": 17,
              "_minutes": 20,
            },
            "_startTime": Time {
              "_hours": 16,
              "_minutes": 30,
            },
          },
        },
      ],
      9 => [
        WeeklySection {
          "_campus": 0,
          "_classNumber": 9336,
          "_component": 9,
          "_componentNumber": 101,
          "_courseName": "MATH 135",
          "_days": [
            2,
          ],
          "_enrolCap": 120,
          "_enrolTotal": 104,
          "_instructor": "",
          "_locationTaught": 0,
          "_timeslot": Timeslot {
            "_endTime": Time {
              "_hours": 18,
              "_minutes": 20,
            },
            "_startTime": Time {
              "_hours": 17,
              "_minutes": 30,
            },
          },
        },
        WeeklySection {
          "_campus": 0,
          "_classNumber": 9337,
          "_component": 9,
          "_componentNumber": 102,
          "_courseName": "MATH 135",
          "_days": [
            2,
          ],
          "_enrolCap": 180,
          "_enrolTotal": 163,
          "_instructor": "",
          "_locationTaught": 0,
          "_timeslot": Timeslot {
            "_endTime": Time {
              "_hours": 18,
              "_minutes": 20,
            },
            "_startTime": Time {
              "_hours": 17,
              "_minutes": 30,
            },
          },
        },
        WeeklySection {
          "_campus": 0,
          "_classNumber": 9338,
          "_component": 9,
          "_componentNumber": 103,
          "_courseName": "MATH 135",
          "_days": [
            2,
          ],
          "_enrolCap": 120,
          "_enrolTotal": 118,
          "_instructor": "",
          "_locationTaught": 0,
          "_timeslot": Timeslot {
            "_endTime": Time {
              "_hours": 18,
              "_minutes": 20,
            },
            "_startTime": Time {
              "_hours": 17,
              "_minutes": 30,
            },
          },
        },
        WeeklySection {
          "_campus": 0,
          "_classNumber": 9339,
          "_component": 9,
          "_componentNumber": 104,
          "_courseName": "MATH 135",
          "_days": [
            2,
          ],
          "_enrolCap": 320,
          "_enrolTotal": 304,
          "_instructor": "",
          "_locationTaught": 0,
          "_timeslot": Timeslot {
            "_endTime": Time {
              "_hours": 18,
              "_minutes": 20,
            },
            "_startTime": Time {
              "_hours": 17,
              "_minutes": 30,
            },
          },
        },
        WeeklySection {
          "_campus": 0,
          "_classNumber": 9341,
          "_component": 9,
          "_componentNumber": 106,
          "_courseName": "MATH 135",
          "_days": [
            2,
          ],
          "_enrolCap": 300,
          "_enrolTotal": 285,
          "_instructor": "",
          "_locationTaught": 0,
          "_timeslot": Timeslot {
            "_endTime": Time {
              "_hours": 18,
              "_minutes": 20,
            },
            "_startTime": Time {
              "_hours": 17,
              "_minutes": 30,
            },
          },
        },
        WeeklySection {
          "_campus": 0,
          "_classNumber": 9342,
          "_component": 9,
          "_componentNumber": 107,
          "_courseName": "MATH 135",
          "_days": [
            2,
          ],
          "_enrolCap": 300,
          "_enrolTotal": 242,
          "_instructor": "",
          "_locationTaught": 0,
          "_timeslot": Timeslot {
            "_endTime": Time {
              "_hours": 18,
              "_minutes": 20,
            },
            "_startTime": Time {
              "_hours": 17,
              "_minutes": 30,
            },
          },
        },
        WeeklySection {
          "_campus": 0,
          "_classNumber": 9343,
          "_component": 9,
          "_componentNumber": 108,
          "_courseName": "MATH 135",
          "_days": [
            2,
          ],
          "_enrolCap": 120,
          "_enrolTotal": 104,
          "_instructor": "",
          "_locationTaught": 0,
          "_timeslot": Timeslot {
            "_endTime": Time {
              "_hours": 18,
              "_minutes": 20,
            },
            "_startTime": Time {
              "_hours": 17,
              "_minutes": 30,
            },
          },
        },
      ],
      8 => [
        OneTimeSection {
          "_campus": 0,
          "_classNumber": 6835,
          "_component": 8,
          "_componentNumber": 201,
          "_courseName": "MATH 135",
          "_date": 2024-10-07T04:00:00.000Z,
          "_enrolCap": 1460,
          "_enrolTotal": 1320,
          "_instructor": "",
          "_locationTaught": 0,
          "_timeslot": Timeslot {
            "_endTime": Time {
              "_hours": 20,
              "_minutes": 50,
            },
            "_startTime": Time {
              "_hours": 19,
              "_minutes": 0,
            },
          },
        },
      ],
    },
    "_courseTitle": "Algebra (Honours)",
    "_instructors": [],
    "_sections": [
      WeeklySection {
        "_campus": 0,
        "_classNumber": 6192,
        "_component": 0,
        "_componentNumber": 1,
        "_courseName": "MATH 135",
        "_days": [
          1,
          3,
          5,
        ],
        "_enrolCap": 60,
        "_enrolTotal": 51,
        "_instructor": "",
        "_locationTaught": 0,
        "_timeslot": Timeslot {
          "_endTime": Time {
            "_hours": 10,
            "_minutes": 20,
          },
          "_startTime": Time {
            "_hours": 9,
            "_minutes": 30,
          },
        },
      },
      WeeklySection {
        "_campus": 0,
        "_classNumber": 6536,
        "_component": 0,
        "_componentNumber": 2,
        "_courseName": "MATH 135",
        "_days": [
          1,
          3,
          5,
        ],
        "_enrolCap": 60,
        "_enrolTotal": 53,
        "_instructor": "",
        "_locationTaught": 0,
        "_timeslot": Timeslot {
          "_endTime": Time {
            "_hours": 15,
            "_minutes": 20,
          },
          "_startTime": Time {
            "_hours": 14,
            "_minutes": 30,
          },
        },
      },
      WeeklySection {
        "_campus": 0,
        "_classNumber": 9336,
        "_component": 9,
        "_componentNumber": 101,
        "_courseName": "MATH 135",
        "_days": [
          2,
        ],
        "_enrolCap": 120,
        "_enrolTotal": 104,
        "_instructor": "",
        "_locationTaught": 0,
        "_timeslot": Timeslot {
          "_endTime": Time {
            "_hours": 18,
            "_minutes": 20,
          },
          "_startTime": Time {
            "_hours": 17,
            "_minutes": 30,
          },
        },
      },
      WeeklySection {
        "_campus": 0,
        "_classNumber": 6549,
        "_component": 0,
        "_componentNumber": 3,
        "_courseName": "MATH 135",
        "_days": [
          1,
          3,
          5,
        ],
        "_enrolCap": 60,
        "_enrolTotal": 53,
        "_instructor": "",
        "_locationTaught": 0,
        "_timeslot": Timeslot {
          "_endTime": Time {
            "_hours": 16,
            "_minutes": 20,
          },
          "_startTime": Time {
            "_hours": 15,
            "_minutes": 30,
          },
        },
      },
      WeeklySection {
        "_campus": 0,
        "_classNumber": 6554,
        "_component": 0,
        "_componentNumber": 4,
        "_courseName": "MATH 135",
        "_days": [
          1,
          3,
          5,
        ],
        "_enrolCap": 60,
        "_enrolTotal": 57,
        "_instructor": "",
        "_locationTaught": 0,
        "_timeslot": Timeslot {
          "_endTime": Time {
            "_hours": 12,
            "_minutes": 20,
          },
          "_startTime": Time {
            "_hours": 11,
            "_minutes": 30,
          },
        },
      },
      WeeklySection {
        "_campus": 0,
        "_classNumber": 6555,
        "_component": 0,
        "_componentNumber": 5,
        "_courseName": "MATH 135",
        "_days": [
          1,
          3,
          5,
        ],
        "_enrolCap": 60,
        "_enrolTotal": 53,
        "_instructor": "",
        "_locationTaught": 0,
        "_timeslot": Timeslot {
          "_endTime": Time {
            "_hours": 13,
            "_minutes": 20,
          },
          "_startTime": Time {
            "_hours": 12,
            "_minutes": 30,
          },
        },
      },
      WeeklySection {
        "_campus": 0,
        "_classNumber": 9337,
        "_component": 9,
        "_componentNumber": 102,
        "_courseName": "MATH 135",
        "_days": [
          2,
        ],
        "_enrolCap": 180,
        "_enrolTotal": 163,
        "_instructor": "",
        "_locationTaught": 0,
        "_timeslot": Timeslot {
          "_endTime": Time {
            "_hours": 18,
            "_minutes": 20,
          },
          "_startTime": Time {
            "_hours": 17,
            "_minutes": 30,
          },
        },
      },
      WeeklySection {
        "_campus": 0,
        "_classNumber": 6553,
        "_component": 0,
        "_componentNumber": 6,
        "_courseName": "MATH 135",
        "_days": [
          1,
          3,
          5,
        ],
        "_enrolCap": 60,
        "_enrolTotal": 60,
        "_instructor": "",
        "_locationTaught": 0,
        "_timeslot": Timeslot {
          "_endTime": Time {
            "_hours": 11,
            "_minutes": 20,
          },
          "_startTime": Time {
            "_hours": 10,
            "_minutes": 30,
          },
        },
      },
      WeeklySection {
        "_campus": 0,
        "_classNumber": 6556,
        "_component": 0,
        "_componentNumber": 7,
        "_courseName": "MATH 135",
        "_days": [
          1,
          3,
          5,
        ],
        "_enrolCap": 60,
        "_enrolTotal": 58,
        "_instructor": "",
        "_locationTaught": 0,
        "_timeslot": Timeslot {
          "_endTime": Time {
            "_hours": 14,
            "_minutes": 20,
          },
          "_startTime": Time {
            "_hours": 13,
            "_minutes": 30,
          },
        },
      },
      WeeklySection {
        "_campus": 0,
        "_classNumber": 9338,
        "_component": 9,
        "_componentNumber": 103,
        "_courseName": "MATH 135",
        "_days": [
          2,
        ],
        "_enrolCap": 120,
        "_enrolTotal": 118,
        "_instructor": "",
        "_locationTaught": 0,
        "_timeslot": Timeslot {
          "_endTime": Time {
            "_hours": 18,
            "_minutes": 20,
          },
          "_startTime": Time {
            "_hours": 17,
            "_minutes": 30,
          },
        },
      },
      WeeklySection {
        "_campus": 0,
        "_classNumber": 6551,
        "_component": 0,
        "_componentNumber": 8,
        "_courseName": "MATH 135",
        "_days": [
          1,
          3,
          5,
        ],
        "_enrolCap": 60,
        "_enrolTotal": 55,
        "_instructor": "",
        "_locationTaught": 0,
        "_timeslot": Timeslot {
          "_endTime": Time {
            "_hours": 9,
            "_minutes": 20,
          },
          "_startTime": Time {
            "_hours": 8,
            "_minutes": 30,
          },
        },
      },
      WeeklySection {
        "_campus": 0,
        "_classNumber": 6552,
        "_component": 0,
        "_componentNumber": 9,
        "_courseName": "MATH 135",
        "_days": [
          1,
          3,
          5,
        ],
        "_enrolCap": 60,
        "_enrolTotal": 52,
        "_instructor": "",
        "_locationTaught": 0,
        "_timeslot": Timeslot {
          "_endTime": Time {
            "_hours": 10,
            "_minutes": 20,
          },
          "_startTime": Time {
            "_hours": 9,
            "_minutes": 30,
          },
        },
      },
      WeeklySection {
        "_campus": 0,
        "_classNumber": 6561,
        "_component": 0,
        "_componentNumber": 10,
        "_courseName": "MATH 135",
        "_days": [
          1,
          3,
          5,
        ],
        "_enrolCap": 60,
        "_enrolTotal": 54,
        "_instructor": "",
        "_locationTaught": 0,
        "_timeslot": Timeslot {
          "_endTime": Time {
            "_hours": 10,
            "_minutes": 20,
          },
          "_startTime": Time {
            "_hours": 9,
            "_minutes": 30,
          },
        },
      },
      WeeklySection {
        "_campus": 0,
        "_classNumber": 6856,
        "_component": 0,
        "_componentNumber": 11,
        "_courseName": "MATH 135",
        "_days": [
          1,
          3,
          5,
        ],
        "_enrolCap": 70,
        "_enrolTotal": 71,
        "_instructor": "",
        "_locationTaught": 0,
        "_timeslot": Timeslot {
          "_endTime": Time {
            "_hours": 14,
            "_minutes": 20,
          },
          "_startTime": Time {
            "_hours": 13,
            "_minutes": 30,
          },
        },
      },
      WeeklySection {
        "_campus": 0,
        "_classNumber": 6857,
        "_component": 0,
        "_componentNumber": 12,
        "_courseName": "MATH 135",
        "_days": [
          1,
          3,
          5,
        ],
        "_enrolCap": 70,
        "_enrolTotal": 72,
        "_instructor": "",
        "_locationTaught": 0,
        "_timeslot": Timeslot {
          "_endTime": Time {
            "_hours": 14,
            "_minutes": 20,
          },
          "_startTime": Time {
            "_hours": 13,
            "_minutes": 30,
          },
        },
      },
      WeeklySection {
        "_campus": 0,
        "_classNumber": 9339,
        "_component": 9,
        "_componentNumber": 104,
        "_courseName": "MATH 135",
        "_days": [
          2,
        ],
        "_enrolCap": 320,
        "_enrolTotal": 304,
        "_instructor": "",
        "_locationTaught": 0,
        "_timeslot": Timeslot {
          "_endTime": Time {
            "_hours": 18,
            "_minutes": 20,
          },
          "_startTime": Time {
            "_hours": 17,
            "_minutes": 30,
          },
        },
      },
      WeeklySection {
        "_campus": 0,
        "_classNumber": 6558,
        "_component": 0,
        "_componentNumber": 16,
        "_courseName": "MATH 135",
        "_days": [
          1,
          3,
          5,
        ],
        "_enrolCap": 60,
        "_enrolTotal": 59,
        "_instructor": "",
        "_locationTaught": 0,
        "_timeslot": Timeslot {
          "_endTime": Time {
            "_hours": 16,
            "_minutes": 20,
          },
          "_startTime": Time {
            "_hours": 15,
            "_minutes": 30,
          },
        },
      },
      WeeklySection {
        "_campus": 0,
        "_classNumber": 6562,
        "_component": 0,
        "_componentNumber": 17,
        "_courseName": "MATH 135",
        "_days": [
          1,
          3,
          5,
        ],
        "_enrolCap": 60,
        "_enrolTotal": 54,
        "_instructor": "",
        "_locationTaught": 0,
        "_timeslot": Timeslot {
          "_endTime": Time {
            "_hours": 11,
            "_minutes": 20,
          },
          "_startTime": Time {
            "_hours": 10,
            "_minutes": 30,
          },
        },
      },
      WeeklySection {
        "_campus": 0,
        "_classNumber": 6852,
        "_component": 0,
        "_componentNumber": 18,
        "_courseName": "MATH 135",
        "_days": [
          1,
          3,
          5,
        ],
        "_enrolCap": 60,
        "_enrolTotal": 56,
        "_instructor": "",
        "_locationTaught": 0,
        "_timeslot": Timeslot {
          "_endTime": Time {
            "_hours": 12,
            "_minutes": 20,
          },
          "_startTime": Time {
            "_hours": 11,
            "_minutes": 30,
          },
        },
      },
      WeeklySection {
        "_campus": 0,
        "_classNumber": 6853,
        "_component": 0,
        "_componentNumber": 19,
        "_courseName": "MATH 135",
        "_days": [
          1,
          3,
          5,
        ],
        "_enrolCap": 60,
        "_enrolTotal": 56,
        "_instructor": "",
        "_locationTaught": 0,
        "_timeslot": Timeslot {
          "_endTime": Time {
            "_hours": 13,
            "_minutes": 20,
          },
          "_startTime": Time {
            "_hours": 12,
            "_minutes": 30,
          },
        },
      },
      WeeklySection {
        "_campus": 0,
        "_classNumber": 6854,
        "_component": 0,
        "_componentNumber": 20,
        "_courseName": "MATH 135",
        "_days": [
          1,
          3,
          5,
        ],
        "_enrolCap": 60,
        "_enrolTotal": 60,
        "_instructor": "",
        "_locationTaught": 0,
        "_timeslot": Timeslot {
          "_endTime": Time {
            "_hours": 14,
            "_minutes": 20,
          },
          "_startTime": Time {
            "_hours": 13,
            "_minutes": 30,
          },
        },
      },
      WeeklySection {
        "_campus": 0,
        "_classNumber": 9341,
        "_component": 9,
        "_componentNumber": 106,
        "_courseName": "MATH 135",
        "_days": [
          2,
        ],
        "_enrolCap": 300,
        "_enrolTotal": 285,
        "_instructor": "",
        "_locationTaught": 0,
        "_timeslot": Timeslot {
          "_endTime": Time {
            "_hours": 18,
            "_minutes": 20,
          },
          "_startTime": Time {
            "_hours": 17,
            "_minutes": 30,
          },
        },
      },
      WeeklySection {
        "_campus": 0,
        "_classNumber": 6191,
        "_component": 0,
        "_componentNumber": 21,
        "_courseName": "MATH 135",
        "_days": [
          1,
          3,
          5,
        ],
        "_enrolCap": 60,
        "_enrolTotal": 18,
        "_instructor": "",
        "_locationTaught": 0,
        "_timeslot": Timeslot {
          "_endTime": Time {
            "_hours": 9,
            "_minutes": 20,
          },
          "_startTime": Time {
            "_hours": 8,
            "_minutes": 30,
          },
        },
      },
      WeeklySection {
        "_campus": 0,
        "_classNumber": 6193,
        "_component": 0,
        "_componentNumber": 22,
        "_courseName": "MATH 135",
        "_days": [
          1,
          3,
          5,
        ],
        "_enrolCap": 60,
        "_enrolTotal": 59,
        "_instructor": "",
        "_locationTaught": 0,
        "_timeslot": Timeslot {
          "_endTime": Time {
            "_hours": 11,
            "_minutes": 20,
          },
          "_startTime": Time {
            "_hours": 10,
            "_minutes": 30,
          },
        },
      },
      WeeklySection {
        "_campus": 0,
        "_classNumber": 6417,
        "_component": 0,
        "_componentNumber": 23,
        "_courseName": "MATH 135",
        "_days": [
          1,
          3,
          5,
        ],
        "_enrolCap": 60,
        "_enrolTotal": 53,
        "_instructor": "",
        "_locationTaught": 0,
        "_timeslot": Timeslot {
          "_endTime": Time {
            "_hours": 14,
            "_minutes": 20,
          },
          "_startTime": Time {
            "_hours": 13,
            "_minutes": 30,
          },
        },
      },
      WeeklySection {
        "_campus": 0,
        "_classNumber": 6550,
        "_component": 0,
        "_componentNumber": 24,
        "_courseName": "MATH 135",
        "_days": [
          1,
          3,
          5,
        ],
        "_enrolCap": 60,
        "_enrolTotal": 55,
        "_instructor": "",
        "_locationTaught": 0,
        "_timeslot": Timeslot {
          "_endTime": Time {
            "_hours": 17,
            "_minutes": 20,
          },
          "_startTime": Time {
            "_hours": 16,
            "_minutes": 30,
          },
        },
      },
      WeeklySection {
        "_campus": 0,
        "_classNumber": 6855,
        "_component": 0,
        "_componentNumber": 25,
        "_courseName": "MATH 135",
        "_days": [
          1,
          3,
          5,
        ],
        "_enrolCap": 60,
        "_enrolTotal": 57,
        "_instructor": "",
        "_locationTaught": 0,
        "_timeslot": Timeslot {
          "_endTime": Time {
            "_hours": 16,
            "_minutes": 20,
          },
          "_startTime": Time {
            "_hours": 15,
            "_minutes": 30,
          },
        },
      },
      WeeklySection {
        "_campus": 0,
        "_classNumber": 9342,
        "_component": 9,
        "_componentNumber": 107,
        "_courseName": "MATH 135",
        "_days": [
          2,
        ],
        "_enrolCap": 300,
        "_enrolTotal": 242,
        "_instructor": "",
        "_locationTaught": 0,
        "_timeslot": Timeslot {
          "_endTime": Time {
            "_hours": 18,
            "_minutes": 20,
          },
          "_startTime": Time {
            "_hours": 17,
            "_minutes": 30,
          },
        },
      },
      WeeklySection {
        "_campus": 0,
        "_classNumber": 6194,
        "_component": 0,
        "_componentNumber": 26,
        "_courseName": "MATH 135",
        "_days": [
          1,
          3,
          5,
        ],
        "_enrolCap": 60,
        "_enrolTotal": 52,
        "_instructor": "",
        "_locationTaught": 0,
        "_timeslot": Timeslot {
          "_endTime": Time {
            "_hours": 12,
            "_minutes": 20,
          },
          "_startTime": Time {
            "_hours": 11,
            "_minutes": 30,
          },
        },
      },
      WeeklySection {
        "_campus": 0,
        "_classNumber": 6559,
        "_component": 0,
        "_componentNumber": 27,
        "_courseName": "MATH 135",
        "_days": [
          1,
          3,
          5,
        ],
        "_enrolCap": 60,
        "_enrolTotal": 52,
        "_instructor": "",
        "_locationTaught": 0,
        "_timeslot": Timeslot {
          "_endTime": Time {
            "_hours": 17,
            "_minutes": 20,
          },
          "_startTime": Time {
            "_hours": 16,
            "_minutes": 30,
          },
        },
      },
      WeeklySection {
        "_campus": 0,
        "_classNumber": 9343,
        "_component": 9,
        "_componentNumber": 108,
        "_courseName": "MATH 135",
        "_days": [
          2,
        ],
        "_enrolCap": 120,
        "_enrolTotal": 104,
        "_instructor": "",
        "_locationTaught": 0,
        "_timeslot": Timeslot {
          "_endTime": Time {
            "_hours": 18,
            "_minutes": 20,
          },
          "_startTime": Time {
            "_hours": 17,
            "_minutes": 30,
          },
        },
      },
      OneTimeSection {
        "_campus": 0,
        "_classNumber": 6835,
        "_component": 8,
        "_componentNumber": 201,
        "_courseName": "MATH 135",
        "_date": 2024-10-07T04:00:00.000Z,
        "_enrolCap": 1460,
        "_enrolTotal": 1320,
        "_instructor": "",
        "_locationTaught": 0,
        "_timeslot": Timeslot {
          "_endTime": Time {
            "_hours": 20,
            "_minutes": 50,
          },
          "_startTime": Time {
            "_hours": 19,
            "_minutes": 0,
          },
        },
      },
    ],
    "_subject": "MATH",
    "_term": 1249,
    "_units": 0.5,
  },
  Course {
    "_catalogNumber": 136,
    "_catalogNumberSurfix": "",
    "_components": Map {
      0 => [
        WeeklySection {
          "_campus": 0,
          "_classNumber": 6858,
          "_component": 0,
          "_componentNumber": 1,
          "_courseName": "MATH 136",
          "_days": [
            1,
            3,
            5,
          ],
          "_enrolCap": 90,
          "_enrolTotal": 54,
          "_instructor": "",
          "_locationTaught": 0,
          "_timeslot": Timeslot {
            "_endTime": Time {
              "_hours": 11,
              "_minutes": 20,
            },
            "_startTime": Time {
              "_hours": 10,
              "_minutes": 30,
            },
          },
        },
        WeeklySection {
          "_campus": 0,
          "_classNumber": 6859,
          "_component": 0,
          "_componentNumber": 2,
          "_courseName": "MATH 136",
          "_days": [
            1,
            3,
            5,
          ],
          "_enrolCap": 90,
          "_enrolTotal": 62,
          "_instructor": "",
          "_locationTaught": 0,
          "_timeslot": Timeslot {
            "_endTime": Time {
              "_hours": 12,
              "_minutes": 20,
            },
            "_startTime": Time {
              "_hours": 11,
              "_minutes": 30,
            },
          },
        },
      ],
      9 => [
        WeeklySection {
          "_campus": 0,
          "_classNumber": 6860,
          "_component": 9,
          "_componentNumber": 101,
          "_courseName": "MATH 136",
          "_days": [
            5,
          ],
          "_enrolCap": 180,
          "_enrolTotal": 116,
          "_instructor": "",
          "_locationTaught": 0,
          "_timeslot": Timeslot {
            "_endTime": Time {
              "_hours": 15,
              "_minutes": 20,
            },
            "_startTime": Time {
              "_hours": 14,
              "_minutes": 30,
            },
          },
        },
      ],
      8 => [
        OneTimeSection {
          "_campus": 0,
          "_classNumber": 6861,
          "_component": 8,
          "_componentNumber": 201,
          "_courseName": "MATH 136",
          "_date": 2024-10-07T04:00:00.000Z,
          "_enrolCap": 180,
          "_enrolTotal": 116,
          "_instructor": "",
          "_locationTaught": 0,
          "_timeslot": Timeslot {
            "_endTime": Time {
              "_hours": 20,
              "_minutes": 50,
            },
            "_startTime": Time {
              "_hours": 19,
              "_minutes": 0,
            },
          },
        },
      ],
    },
    "_courseTitle": "Linear Algebra 1 (Honours)",
    "_instructors": [],
    "_sections": [
      WeeklySection {
        "_campus": 0,
        "_classNumber": 6858,
        "_component": 0,
        "_componentNumber": 1,
        "_courseName": "MATH 136",
        "_days": [
          1,
          3,
          5,
        ],
        "_enrolCap": 90,
        "_enrolTotal": 54,
        "_instructor": "",
        "_locationTaught": 0,
        "_timeslot": Timeslot {
          "_endTime": Time {
            "_hours": 11,
            "_minutes": 20,
          },
          "_startTime": Time {
            "_hours": 10,
            "_minutes": 30,
          },
        },
      },
      WeeklySection {
        "_campus": 0,
        "_classNumber": 6859,
        "_component": 0,
        "_componentNumber": 2,
        "_courseName": "MATH 136",
        "_days": [
          1,
          3,
          5,
        ],
        "_enrolCap": 90,
        "_enrolTotal": 62,
        "_instructor": "",
        "_locationTaught": 0,
        "_timeslot": Timeslot {
          "_endTime": Time {
            "_hours": 12,
            "_minutes": 20,
          },
          "_startTime": Time {
            "_hours": 11,
            "_minutes": 30,
          },
        },
      },
      WeeklySection {
        "_campus": 0,
        "_classNumber": 6860,
        "_component": 9,
        "_componentNumber": 101,
        "_courseName": "MATH 136",
        "_days": [
          5,
        ],
        "_enrolCap": 180,
        "_enrolTotal": 116,
        "_instructor": "",
        "_locationTaught": 0,
        "_timeslot": Timeslot {
          "_endTime": Time {
            "_hours": 15,
            "_minutes": 20,
          },
          "_startTime": Time {
            "_hours": 14,
            "_minutes": 30,
          },
        },
      },
      OneTimeSection {
        "_campus": 0,
        "_classNumber": 6861,
        "_component": 8,
        "_componentNumber": 201,
        "_courseName": "MATH 136",
        "_date": 2024-10-07T04:00:00.000Z,
        "_enrolCap": 180,
        "_enrolTotal": 116,
        "_instructor": "",
        "_locationTaught": 0,
        "_timeslot": Timeslot {
          "_endTime": Time {
            "_hours": 20,
            "_minutes": 50,
          },
          "_startTime": Time {
            "_hours": 19,
            "_minutes": 0,
          },
        },
      },
    ],
    "_subject": "MATH",
    "_term": 1249,
    "_units": 0.5,
  },
]
`;
